Archive member included to satisfy reference by file (symbol)

c:/ac6/systemworkbench/plugins/fr.ac6.mcu.externaltools.arm-none.win32_1.13.3.201707031232/tools/compiler/bin/../lib/gcc/arm-none-eabi/5.4.1/armv7e-m/fpu\libgcc.a(_arm_addsubdf3.o)
                              src/deca_device.o (__aeabi_dsub)
c:/ac6/systemworkbench/plugins/fr.ac6.mcu.externaltools.arm-none.win32_1.13.3.201707031232/tools/compiler/bin/../lib/gcc/arm-none-eabi/5.4.1/armv7e-m/fpu\libgcc.a(_arm_muldivdf3.o)
                              src/deca_device.o (__aeabi_dmul)
c:/ac6/systemworkbench/plugins/fr.ac6.mcu.externaltools.arm-none.win32_1.13.3.201707031232/tools/compiler/bin/../lib/gcc/arm-none-eabi/5.4.1/armv7e-m/fpu\libgcc.a(_arm_fixdfsi.o)
                              src/deca_device.o (__aeabi_d2iz)
c:/ac6/systemworkbench/plugins/fr.ac6.mcu.externaltools.arm-none.win32_1.13.3.201707031232/tools/compiler/bin/../lib/gcc/arm-none-eabi/5.4.1/armv7e-m/fpu\libgcc.a(_arm_fixunsdfsi.o)
                              src/main.o (__aeabi_d2uiz)
c:/ac6/systemworkbench/plugins/fr.ac6.mcu.externaltools.arm-none.win32_1.13.3.201707031232/tools/compiler/bin/../lib/gcc/arm-none-eabi/5.4.1/../../../../arm-none-eabi/lib/armv7e-m/fpu\libc.a(lib_a-errno.o)
                              src/syscalls.o (__errno)
c:/ac6/systemworkbench/plugins/fr.ac6.mcu.externaltools.arm-none.win32_1.13.3.201707031232/tools/compiler/bin/../lib/gcc/arm-none-eabi/5.4.1/../../../../arm-none-eabi/lib/armv7e-m/fpu\libc.a(lib_a-exit.o)
                              c:/ac6/systemworkbench/plugins/fr.ac6.mcu.externaltools.arm-none.win32_1.13.3.201707031232/tools/compiler/bin/../lib/gcc/arm-none-eabi/5.4.1/../../../../arm-none-eabi/lib/armv7e-m/fpu/crt0.o (exit)
c:/ac6/systemworkbench/plugins/fr.ac6.mcu.externaltools.arm-none.win32_1.13.3.201707031232/tools/compiler/bin/../lib/gcc/arm-none-eabi/5.4.1/../../../../arm-none-eabi/lib/armv7e-m/fpu\libc.a(lib_a-impure.o)
                              c:/ac6/systemworkbench/plugins/fr.ac6.mcu.externaltools.arm-none.win32_1.13.3.201707031232/tools/compiler/bin/../lib/gcc/arm-none-eabi/5.4.1/../../../../arm-none-eabi/lib/armv7e-m/fpu\libc.a(lib_a-exit.o) (_global_impure_ptr)
c:/ac6/systemworkbench/plugins/fr.ac6.mcu.externaltools.arm-none.win32_1.13.3.201707031232/tools/compiler/bin/../lib/gcc/arm-none-eabi/5.4.1/../../../../arm-none-eabi/lib/armv7e-m/fpu\libc.a(lib_a-init.o)
                              c:/ac6/systemworkbench/plugins/fr.ac6.mcu.externaltools.arm-none.win32_1.13.3.201707031232/tools/compiler/bin/../lib/gcc/arm-none-eabi/5.4.1/../../../../arm-none-eabi/lib/armv7e-m/fpu/crt0.o (__libc_init_array)
c:/ac6/systemworkbench/plugins/fr.ac6.mcu.externaltools.arm-none.win32_1.13.3.201707031232/tools/compiler/bin/../lib/gcc/arm-none-eabi/5.4.1/../../../../arm-none-eabi/lib/armv7e-m/fpu\libc.a(lib_a-memset.o)
                              c:/ac6/systemworkbench/plugins/fr.ac6.mcu.externaltools.arm-none.win32_1.13.3.201707031232/tools/compiler/bin/../lib/gcc/arm-none-eabi/5.4.1/../../../../arm-none-eabi/lib/armv7e-m/fpu/crt0.o (memset)
c:/ac6/systemworkbench/plugins/fr.ac6.mcu.externaltools.arm-none.win32_1.13.3.201707031232/tools/compiler/bin/../lib/gcc/arm-none-eabi/5.4.1/../../../../arm-none-eabi/lib/armv7e-m/fpu\libc.a(lib_a-__call_atexit.o)
                              c:/ac6/systemworkbench/plugins/fr.ac6.mcu.externaltools.arm-none.win32_1.13.3.201707031232/tools/compiler/bin/../lib/gcc/arm-none-eabi/5.4.1/../../../../arm-none-eabi/lib/armv7e-m/fpu\libc.a(lib_a-exit.o) (__call_exitprocs)
c:/ac6/systemworkbench/plugins/fr.ac6.mcu.externaltools.arm-none.win32_1.13.3.201707031232/tools/compiler/bin/../lib/gcc/arm-none-eabi/5.4.1/../../../../arm-none-eabi/lib/armv7e-m/fpu\libc.a(lib_a-atexit.o)
                              c:/ac6/systemworkbench/plugins/fr.ac6.mcu.externaltools.arm-none.win32_1.13.3.201707031232/tools/compiler/bin/../lib/gcc/arm-none-eabi/5.4.1/../../../../arm-none-eabi/lib/armv7e-m/fpu\libc.a(lib_a-__call_atexit.o) (atexit)
c:/ac6/systemworkbench/plugins/fr.ac6.mcu.externaltools.arm-none.win32_1.13.3.201707031232/tools/compiler/bin/../lib/gcc/arm-none-eabi/5.4.1/../../../../arm-none-eabi/lib/armv7e-m/fpu\libc.a(lib_a-fini.o)
                              c:/ac6/systemworkbench/plugins/fr.ac6.mcu.externaltools.arm-none.win32_1.13.3.201707031232/tools/compiler/bin/../lib/gcc/arm-none-eabi/5.4.1/../../../../arm-none-eabi/lib/armv7e-m/fpu\libc.a(lib_a-__call_atexit.o) (__libc_fini_array)
c:/ac6/systemworkbench/plugins/fr.ac6.mcu.externaltools.arm-none.win32_1.13.3.201707031232/tools/compiler/bin/../lib/gcc/arm-none-eabi/5.4.1/../../../../arm-none-eabi/lib/armv7e-m/fpu\libc.a(lib_a-__atexit.o)
                              c:/ac6/systemworkbench/plugins/fr.ac6.mcu.externaltools.arm-none.win32_1.13.3.201707031232/tools/compiler/bin/../lib/gcc/arm-none-eabi/5.4.1/../../../../arm-none-eabi/lib/armv7e-m/fpu\libc.a(lib_a-atexit.o) (__register_exitproc)

Discarded input sections

[...]
Memory Configuration

Name             Origin             Length             Attributes
RAM              0x20000000         0x00020000         xrw
ROM              0x08000000         0x00080000         xr
*default*        0x00000000         0xffffffff

Linker script and memory map

LOAD c:/ac6/systemworkbench/plugins/fr.ac6.mcu.externaltools.arm-none.win32_1.13.3.201707031232/tools/compiler/bin/../lib/gcc/arm-none-eabi/5.4.1/armv7e-m/fpu/crti.o
LOAD c:/ac6/systemworkbench/plugins/fr.ac6.mcu.externaltools.arm-none.win32_1.13.3.201707031232/tools/compiler/bin/../lib/gcc/arm-none-eabi/5.4.1/armv7e-m/fpu/crtbegin.o
LOAD c:/ac6/systemworkbench/plugins/fr.ac6.mcu.externaltools.arm-none.win32_1.13.3.201707031232/tools/compiler/bin/../lib/gcc/arm-none-eabi/5.4.1/../../../../arm-none-eabi/lib/armv7e-m/fpu/crt0.o
LOAD StdPeriph_Driver/src/misc.o
LOAD StdPeriph_Driver/src/stm32f4xx_adc.o
LOAD StdPeriph_Driver/src/stm32f4xx_can.o
LOAD StdPeriph_Driver/src/stm32f4xx_cec.o
LOAD StdPeriph_Driver/src/stm32f4xx_crc.o
LOAD StdPeriph_Driver/src/stm32f4xx_cryp.o
LOAD StdPeriph_Driver/src/stm32f4xx_cryp_aes.o
LOAD StdPeriph_Driver/src/stm32f4xx_cryp_des.o
LOAD StdPeriph_Driver/src/stm32f4xx_cryp_tdes.o
LOAD StdPeriph_Driver/src/stm32f4xx_dac.o
LOAD StdPeriph_Driver/src/stm32f4xx_dbgmcu.o
LOAD StdPeriph_Driver/src/stm32f4xx_dcmi.o
LOAD StdPeriph_Driver/src/stm32f4xx_dfsdm.o
LOAD StdPeriph_Driver/src/stm32f4xx_dma.o
LOAD StdPeriph_Driver/src/stm32f4xx_dma2d.o
LOAD StdPeriph_Driver/src/stm32f4xx_dsi.o
LOAD StdPeriph_Driver/src/stm32f4xx_exti.o
LOAD StdPeriph_Driver/src/stm32f4xx_flash.o
LOAD StdPeriph_Driver/src/stm32f4xx_flash_ramfunc.o
LOAD StdPeriph_Driver/src/stm32f4xx_fmc.o
LOAD StdPeriph_Driver/src/stm32f4xx_fmip2c.o
LOAD StdPeriph_Driver/src/stm32f4xx_fsmc.o
LOAD StdPeriph_Driver/src/stm32f4xx_gpio.o
LOAD StdPeriph_Driver/src/stm32f4xx_hash.o
LOAD StdPeriph_Driver/src/stm32f4xx_hash_md5.o
LOAD StdPeriph_Driver/src/stm32f4xx_hash_sha1.o
LOAD StdPeriph_Driver/src/stm32f4xx_i2c.o
LOAD StdPeriph_Driver/src/stm32f4xx_iwdg.o
LOAD StdPeriph_Driver/src/stm32f4xx_lptim.o
LOAD StdPeriph_Driver/src/stm32f4xx_ltdc.o
LOAD StdPeriph_Driver/src/stm32f4xx_pwr.o
LOAD StdPeriph_Driver/src/stm32f4xx_qspi.o
LOAD StdPeriph_Driver/src/stm32f4xx_rcc.o
LOAD StdPeriph_Driver/src/stm32f4xx_rng.o
LOAD StdPeriph_Driver/src/stm32f4xx_rtc.o
LOAD StdPeriph_Driver/src/stm32f4xx_sai.o
LOAD StdPeriph_Driver/src/stm32f4xx_sdio.o
LOAD StdPeriph_Driver/src/stm32f4xx_spdifrx.o
LOAD StdPeriph_Driver/src/stm32f4xx_spi.o
LOAD StdPeriph_Driver/src/stm32f4xx_syscfg.o
LOAD StdPeriph_Driver/src/stm32f4xx_tim.o
LOAD StdPeriph_Driver/src/stm32f4xx_usart.o
LOAD StdPeriph_Driver/src/stm32f4xx_wwdg.o
LOAD src/deca_device.o
LOAD src/deca_led.o
LOAD src/deca_params_init.o
LOAD src/deca_spi.o
LOAD src/main.o
LOAD src/syscalls.o
LOAD src/system_stm32f4xx.o
LOAD startup/startup_stm32.o
LOAD c:/ac6/systemworkbench/plugins/fr.ac6.mcu.externaltools.arm-none.win32_1.13.3.201707031232/tools/compiler/bin/../lib/gcc/arm-none-eabi/5.4.1/../../../../arm-none-eabi/lib/armv7e-m/fpu\libm.a
START GROUP
LOAD c:/ac6/systemworkbench/plugins/fr.ac6.mcu.externaltools.arm-none.win32_1.13.3.201707031232/tools/compiler/bin/../lib/gcc/arm-none-eabi/5.4.1/armv7e-m/fpu\libgcc.a
LOAD c:/ac6/systemworkbench/plugins/fr.ac6.mcu.externaltools.arm-none.win32_1.13.3.201707031232/tools/compiler/bin/../lib/gcc/arm-none-eabi/5.4.1/../../../../arm-none-eabi/lib/armv7e-m/fpu\libc.a
END GROUP
LOAD c:/ac6/systemworkbench/plugins/fr.ac6.mcu.externaltools.arm-none.win32_1.13.3.201707031232/tools/compiler/bin/../lib/gcc/arm-none-eabi/5.4.1/armv7e-m/fpu/crtend.o
LOAD c:/ac6/systemworkbench/plugins/fr.ac6.mcu.externaltools.arm-none.win32_1.13.3.201707031232/tools/compiler/bin/../lib/gcc/arm-none-eabi/5.4.1/armv7e-m/fpu/crtn.o
                0x20020000                _estack = 0x20020000
                0x00000000                _Min_Heap_Size = 0x0
                0x00000400                _Min_Stack_Size = 0x400

.isr_vector     0x08000000      0x188
                0x08000000                . = ALIGN (0x4)
 *(.isr_vector)
 .isr_vector    0x08000000      0x188 startup/startup_stm32.o
                0x08000000                g_pfnVectors
                0x08000188                . = ALIGN (0x4)

.text           0x08000188     0x26a0
                0x08000188                . = ALIGN (0x4)
 *(.text)
 .text          0x08000188       0x5c c:/ac6/systemworkbench/plugins/fr.ac6.mcu.externaltools.arm-none.win32_1.13.3.201707031232/tools/compiler/bin/../lib/gcc/arm-none-eabi/5.4.1/armv7e-m/fpu/crtbegin.o
 .text          0x080001e4      0x370 c:/ac6/systemworkbench/plugins/fr.ac6.mcu.externaltools.arm-none.win32_1.13.3.201707031232/tools/compiler/bin/../lib/gcc/arm-none-eabi/5.4.1/armv7e-m/fpu\libgcc.a(_arm_addsubdf3.o)
                0x080001e4                __aeabi_drsub
                0x080001ec                __aeabi_dsub
                0x080001ec                __subdf3
                0x080001f0                __aeabi_dadd
                0x080001f0                __adddf3
                0x08000468                __floatunsidf
                0x08000468                __aeabi_ui2d
                0x08000488                __floatsidf
                0x08000488                __aeabi_i2d
                0x080004ac                __aeabi_f2d
                0x080004ac                __extendsfdf2
                0x080004e8                __floatundidf
                0x080004e8                __aeabi_ul2d
                0x080004f8                __floatdidf
                0x080004f8                __aeabi_l2d
 .text          0x08000554      0x424 c:/ac6/systemworkbench/plugins/fr.ac6.mcu.externaltools.arm-none.win32_1.13.3.201707031232/tools/compiler/bin/../lib/gcc/arm-none-eabi/5.4.1/armv7e-m/fpu\libgcc.a(_arm_muldivdf3.o)
                0x08000554                __aeabi_dmul
                0x08000554                __muldf3
                0x080007a8                __divdf3
                0x080007a8                __aeabi_ddiv
 .text          0x08000978       0x50 c:/ac6/systemworkbench/plugins/fr.ac6.mcu.externaltools.arm-none.win32_1.13.3.201707031232/tools/compiler/bin/../lib/gcc/arm-none-eabi/5.4.1/armv7e-m/fpu\libgcc.a(_arm_fixdfsi.o)
                0x08000978                __aeabi_d2iz
                0x08000978                __fixdfsi
 .text          0x080009c8       0x40 c:/ac6/systemworkbench/plugins/fr.ac6.mcu.externaltools.arm-none.win32_1.13.3.201707031232/tools/compiler/bin/../lib/gcc/arm-none-eabi/5.4.1/armv7e-m/fpu\libgcc.a(_arm_fixunsdfsi.o)
                0x080009c8                __aeabi_d2uiz
                0x080009c8                __fixunsdfsi
 *(.text*)
 .text.NVIC_Init
                0x08000a08       0xc4 StdPeriph_Driver/src/misc.o
                0x08000a08                NVIC_Init
 .text.EXTI_Init
                0x08000acc       0xe4 StdPeriph_Driver/src/stm32f4xx_exti.o
                0x08000acc                EXTI_Init
 .text.GPIO_Init
                0x08000bb0      0x11c StdPeriph_Driver/src/stm32f4xx_gpio.o
                0x08000bb0                GPIO_Init
 .text.GPIO_SetBits
                0x08000ccc       0x20 StdPeriph_Driver/src/stm32f4xx_gpio.o
                0x08000ccc                GPIO_SetBits
 .text.GPIO_ResetBits
                0x08000cec       0x20 StdPeriph_Driver/src/stm32f4xx_gpio.o
                0x08000cec                GPIO_ResetBits
 .text.GPIO_WriteBit
                0x08000d0c       0x30 StdPeriph_Driver/src/stm32f4xx_gpio.o
                0x08000d0c                GPIO_WriteBit
 .text.GPIO_PinAFConfig
                0x08000d3c       0x94 StdPeriph_Driver/src/stm32f4xx_gpio.o
                0x08000d3c                GPIO_PinAFConfig
 .text.RCC_AHB1PeriphClockCmd
                0x08000dd0       0x40 StdPeriph_Driver/src/stm32f4xx_rcc.o
                0x08000dd0                RCC_AHB1PeriphClockCmd
 .text.RCC_APB2PeriphClockCmd
                0x08000e10       0x40 StdPeriph_Driver/src/stm32f4xx_rcc.o
                0x08000e10                RCC_APB2PeriphClockCmd
 .text.SPI_Init
                0x08000e50       0x88 StdPeriph_Driver/src/stm32f4xx_spi.o
                0x08000e50                SPI_Init
 .text.SPI_Cmd  0x08000ed8       0x40 StdPeriph_Driver/src/stm32f4xx_spi.o
                0x08000ed8                SPI_Cmd
 .text.SPI_I2S_ReceiveData
                0x08000f18       0x1c StdPeriph_Driver/src/stm32f4xx_spi.o
                0x08000f18                SPI_I2S_ReceiveData
 .text.SPI_I2S_SendData
                0x08000f34       0x20 StdPeriph_Driver/src/stm32f4xx_spi.o
                0x08000f34                SPI_I2S_SendData
 .text.SPI_I2S_GetFlagStatus
                0x08000f54       0x38 StdPeriph_Driver/src/stm32f4xx_spi.o
                0x08000f54                SPI_I2S_GetFlagStatus
 .text.SYSCFG_EXTILineConfig
                0x08000f8c       0x84 StdPeriph_Driver/src/stm32f4xx_syscfg.o
                0x08000f8c                SYSCFG_EXTILineConfig
 .text.dwt_initialise
                0x08001010      0x174 src/deca_device.o
                0x08001010                dwt_initialise
 .text.dwt_readdevid
                0x08001184       0x14 src/deca_device.o
                0x08001184                dwt_readdevid
 .text.dwt_configure
                0x08001198      0x2d4 src/deca_device.o
                0x08001198                dwt_configure
 .text.dwt_setrxantennadelay
                0x0800146c       0x20 src/deca_device.o
                0x0800146c                dwt_setrxantennadelay
 .text.dwt_settxantennadelay
                0x0800148c       0x20 src/deca_device.o
                0x0800148c                dwt_settxantennadelay
 .text.dwt_writetxdata
                0x080014ac       0x3c src/deca_device.o
                0x080014ac                dwt_writetxdata
 .text.dwt_writetxfctrl
                0x080014e8       0x40 src/deca_device.o
                0x080014e8                dwt_writetxfctrl
 .text.dwt_readrxdata
                0x08001528       0x24 src/deca_device.o
                0x08001528                dwt_readrxdata
 .text.dwt_readtxtimestamp
                0x0800154c       0x1c src/deca_device.o
                0x0800154c                dwt_readtxtimestamp
 .text.dwt_readrxtimestamp
                0x08001568       0x1c src/deca_device.o
                0x08001568                dwt_readrxtimestamp
 .text.dwt_writetodevice
                0x08001584       0xb8 src/deca_device.o
                0x08001584                dwt_writetodevice
 .text.dwt_readfromdevice
                0x0800163c       0xb4 src/deca_device.o
                0x0800163c                dwt_readfromdevice
 .text.dwt_read32bitoffsetreg
                0x080016f0       0x50 src/deca_device.o
                0x080016f0                dwt_read32bitoffsetreg
 .text.dwt_read16bitoffsetreg
                0x08001740       0x3c src/deca_device.o
                0x08001740                dwt_read16bitoffsetreg
 .text.dwt_read8bitoffsetreg
                0x0800177c       0x28 src/deca_device.o
                0x0800177c                dwt_read8bitoffsetreg
 .text.dwt_write8bitoffsetreg
                0x080017a4       0x28 src/deca_device.o
                0x080017a4                dwt_write8bitoffsetreg
 .text.dwt_write16bitoffsetreg
                0x080017cc       0x38 src/deca_device.o
                0x080017cc                dwt_write16bitoffsetreg
 .text.dwt_write32bitoffsetreg
                0x08001804       0x50 src/deca_device.o
                0x08001804                dwt_write32bitoffsetreg
 .text._dwt_otpread
                0x08001854       0x40 src/deca_device.o
                0x08001854                _dwt_otpread
 .text._dwt_aonarrayupload
                0x08001894       0x1c src/deca_device.o
                0x08001894                _dwt_aonarrayupload
 .text._dwt_configlde
                0x080018b0       0x40 src/deca_device.o
                0x080018b0                _dwt_configlde
 .text._dwt_loaducodefromrom
                0x080018f0       0x28 src/deca_device.o
                0x080018f0                _dwt_loaducodefromrom
 .text._dwt_enableclocks
                0x08001918      0x134 src/deca_device.o
                0x08001918                _dwt_enableclocks
 .text._dwt_disablesequencing
                0x08001a4c       0x18 src/deca_device.o
                0x08001a4c                _dwt_disablesequencing
 .text.dwt_starttx
                0x08001a64       0xb4 src/deca_device.o
                0x08001a64                dwt_starttx
 .text.dwt_forcetrxoff
                0x08001b18       0x54 src/deca_device.o
                0x08001b18                dwt_forcetrxoff
 .text.dwt_syncrxbufptrs
                0x08001b6c       0x34 src/deca_device.o
                0x08001b6c                dwt_syncrxbufptrs
 .text.dwt_rxenable
                0x08001ba0       0x84 src/deca_device.o
                0x08001ba0                dwt_rxenable
 .text.dwt_rxreset
                0x08001c24       0x1c src/deca_device.o
                0x08001c24                dwt_rxreset
 .text.dwt_softreset
                0x08001c40       0x4c src/deca_device.o
                0x08001c40                dwt_softreset
 .text.dwt_setxtaltrim
                0x08001c8c       0x30 src/deca_device.o
                0x08001c8c                dwt_setxtaltrim
 .text.deca_sleep
                0x08001cbc       0x18 src/deca_led.o
                0x08001cbc                deca_sleep
 .text.led_init
                0x08001cd4       0x38 src/deca_led.o
                0x08001cd4                led_init
 .text.Delay    0x08001d0c       0x20 src/deca_led.o
                0x08001d0c                Delay
 .text.delayMiliseconds
                0x08001d2c       0x20 src/deca_led.o
                0x08001d2c                delayMiliseconds
 .text.readfromspi
                0x08001d4c       0x68 src/deca_spi.o
                0x08001d4c                readfromspi
 .text.writetospi
                0x08001db4       0x68 src/deca_spi.o
                0x08001db4                writetospi
 .text.DW_SPI_Init
                0x08001e1c       0xd8 src/deca_spi.o
                0x08001e1c                DW_SPI_Init
 .text.DW_SPI_START
                0x08001ef4       0x14 src/deca_spi.o
                0x08001ef4                DW_SPI_START
 .text.DW_SPI_END
                0x08001f08       0x14 src/deca_spi.o
                0x08001f08                DW_SPI_END
 .text.DW_SPI_SEND
                0x08001f1c       0x4c src/deca_spi.o
                0x08001f1c                DW_SPI_SEND
 .text.main     0x08001f68       0x24 src/main.o
                0x08001f68                main
 *fill*         0x08001f8c        0x4 
 .text.anchor   0x08001f90      0x298 src/main.o
                0x08001f90                anchor
 .text.transmit
                0x08002228       0x7c src/main.o
                0x08002228                transmit
 .text.receive  0x080022a4       0xd0 src/main.o
                0x080022a4                receive
 .text.setup    0x08002374       0x54 src/main.o
                0x08002374                setup
 .text.get_tx_timestamp_u64
                0x080023c8       0x68 src/main.o
 .text.get_rx_timestamp_u64
                0x08002430       0x68 src/main.o
 .text.get_ts_inu64
                0x08002498       0x64 src/main.o
 .text.initializeInterrupts
                0x080024fc       0x80 src/main.o
                0x080024fc                initializeInterrupts
 .text.SystemInit
                0x0800257c       0x6c src/system_stm32f4xx.o
                0x0800257c                SystemInit
 .text.SetSysClock
                0x080025e8       0xa0 src/system_stm32f4xx.o
 .text.Reset_Handler
                0x08002688       0x48 startup/startup_stm32.o
                0x08002688                Reset_Handler
 .text.Default_Handler
                0x080026d0        0x2 startup/startup_stm32.o
                0x080026d0                DebugMon_Handler
                0x080026d0                HardFault_Handler
                0x080026d0                SysTick_Handler
                0x080026d0                PendSV_Handler
                0x080026d0                NMI_Handler
                0x080026d0                UsageFault_Handler
                0x080026d0                Default_Handler
                0x080026d0                MemManage_Handler
                0x080026d0                SVC_Handler
                0x080026d0                BusFault_Handler
 *fill*         0x080026d2        0x2 
 .text.__libc_init_array
                0x080026d4       0x50 c:/ac6/systemworkbench/plugins/fr.ac6.mcu.externaltools.arm-none.win32_1.13.3.201707031232/tools/compiler/bin/../lib/gcc/arm-none-eabi/5.4.1/../../../../arm-none-eabi/lib/armv7e-m/fpu\libc.a(lib_a-init.o)
                0x080026d4                __libc_init_array
 .text.startup.register_fini
                0x08002724       0x14 c:/ac6/systemworkbench/plugins/fr.ac6.mcu.externaltools.arm-none.win32_1.13.3.201707031232/tools/compiler/bin/../lib/gcc/arm-none-eabi/5.4.1/../../../../arm-none-eabi/lib/armv7e-m/fpu\libc.a(lib_a-__call_atexit.o)
 .text.atexit   0x08002738        0xc c:/ac6/systemworkbench/plugins/fr.ac6.mcu.externaltools.arm-none.win32_1.13.3.201707031232/tools/compiler/bin/../lib/gcc/arm-none-eabi/5.4.1/../../../../arm-none-eabi/lib/armv7e-m/fpu\libc.a(lib_a-atexit.o)
                0x08002738                atexit
 .text.__libc_fini_array
                0x08002744       0x28 c:/ac6/systemworkbench/plugins/fr.ac6.mcu.externaltools.arm-none.win32_1.13.3.201707031232/tools/compiler/bin/../lib/gcc/arm-none-eabi/5.4.1/../../../../arm-none-eabi/lib/armv7e-m/fpu\libc.a(lib_a-fini.o)
                0x08002744                __libc_fini_array
 .text.__register_exitproc
                0x0800276c       0xa4 c:/ac6/systemworkbench/plugins/fr.ac6.mcu.externaltools.arm-none.win32_1.13.3.201707031232/tools/compiler/bin/../lib/gcc/arm-none-eabi/5.4.1/../../../../arm-none-eabi/lib/armv7e-m/fpu\libc.a(lib_a-__atexit.o)
                0x0800276c                __register_exitproc
 *(.glue_7)
 .glue_7        0x08002810        0x0 linker stubs
 *(.glue_7t)
 .glue_7t       0x08002810        0x0 linker stubs
 *(.eh_frame)
 .eh_frame      0x08002810        0x0 c:/ac6/systemworkbench/plugins/fr.ac6.mcu.externaltools.arm-none.win32_1.13.3.201707031232/tools/compiler/bin/../lib/gcc/arm-none-eabi/5.4.1/armv7e-m/fpu/crtbegin.o
 *(.init)
 .init          0x08002810        0x4 c:/ac6/systemworkbench/plugins/fr.ac6.mcu.externaltools.arm-none.win32_1.13.3.201707031232/tools/compiler/bin/../lib/gcc/arm-none-eabi/5.4.1/armv7e-m/fpu/crti.o
                0x08002810                _init
 .init          0x08002814        0x8 c:/ac6/systemworkbench/plugins/fr.ac6.mcu.externaltools.arm-none.win32_1.13.3.201707031232/tools/compiler/bin/../lib/gcc/arm-none-eabi/5.4.1/armv7e-m/fpu/crtn.o
 *(.fini)
 .fini          0x0800281c        0x4 c:/ac6/systemworkbench/plugins/fr.ac6.mcu.externaltools.arm-none.win32_1.13.3.201707031232/tools/compiler/bin/../lib/gcc/arm-none-eabi/5.4.1/armv7e-m/fpu/crti.o
                0x0800281c                _fini
 .fini          0x08002820        0x8 c:/ac6/systemworkbench/plugins/fr.ac6.mcu.externaltools.arm-none.win32_1.13.3.201707031232/tools/compiler/bin/../lib/gcc/arm-none-eabi/5.4.1/armv7e-m/fpu/crtn.o
                0x08002828                . = ALIGN (0x4)
                0x08002828                _etext = .

.vfp11_veneer   0x08002828        0x0
 .vfp11_veneer  0x08002828        0x0 linker stubs

.v4_bx          0x08002828        0x0
 .v4_bx         0x08002828        0x0 linker stubs

.iplt           0x08002828        0x0
 .iplt          0x08002828        0x0 c:/ac6/systemworkbench/plugins/fr.ac6.mcu.externaltools.arm-none.win32_1.13.3.201707031232/tools/compiler/bin/../lib/gcc/arm-none-eabi/5.4.1/armv7e-m/fpu/crtbegin.o

.rodata         0x08002828       0xec
                0x08002828                . = ALIGN (0x4)
 *(.rodata)
 .rodata        0x08002828       0xe8 src/deca_params_init.o
                0x08002828                chan_idx
                0x08002830                tx_config
                0x08002848                fs_pll_cfg
                0x08002860                fs_pll_tune
                0x08002868                rx_config
                0x0800286c                agc_config
                0x08002874                dwnsSFDlen
                0x08002878                sftsh
                0x08002884                dtune1
                0x08002888                digital_bb_config
                0x080028a8                lde_replicaCoeff
                0x080028e0                txpwr_compensation
 *(.rodata*)
 .rodata._global_impure_ptr
                0x08002910        0x4 c:/ac6/systemworkbench/plugins/fr.ac6.mcu.externaltools.arm-none.win32_1.13.3.201707031232/tools/compiler/bin/../lib/gcc/arm-none-eabi/5.4.1/../../../../arm-none-eabi/lib/armv7e-m/fpu\libc.a(lib_a-impure.o)
                0x08002910                _global_impure_ptr
                0x08002914                . = ALIGN (0x4)

.rel.dyn        0x08002914        0x0
 .rel.iplt      0x08002914        0x0 c:/ac6/systemworkbench/plugins/fr.ac6.mcu.externaltools.arm-none.win32_1.13.3.201707031232/tools/compiler/bin/../lib/gcc/arm-none-eabi/5.4.1/armv7e-m/fpu/crtbegin.o

.ARM.extab      0x08002914        0x0
                0x08002914                . = ALIGN (0x4)
 *(.ARM.extab* .gnu.linkonce.armextab.*)
                0x08002914                . = ALIGN (0x4)

.ARM            0x08002914        0x0
                0x08002914                . = ALIGN (0x4)
                0x08002914                __exidx_start = .
 *(.ARM.exidx*)
                0x08002914                __exidx_end = .
                0x08002914                . = ALIGN (0x4)

.preinit_array  0x08002914        0x0
                0x08002914                . = ALIGN (0x4)
                0x08002914                PROVIDE (__preinit_array_start, .)
 *(.preinit_array*)
                0x08002914                PROVIDE (__preinit_array_end, .)
                0x08002914                . = ALIGN (0x4)

.init_array     0x08002914        0x8
                0x08002914                . = ALIGN (0x4)
                0x08002914                PROVIDE (__init_array_start, .)
 *(SORT(.init_array.*))
 .init_array.00000
                0x08002914        0x4 c:/ac6/systemworkbench/plugins/fr.ac6.mcu.externaltools.arm-none.win32_1.13.3.201707031232/tools/compiler/bin/../lib/gcc/arm-none-eabi/5.4.1/../../../../arm-none-eabi/lib/armv7e-m/fpu\libc.a(lib_a-__call_atexit.o)
 *(.init_array*)
 .init_array    0x08002918        0x4 c:/ac6/systemworkbench/plugins/fr.ac6.mcu.externaltools.arm-none.win32_1.13.3.201707031232/tools/compiler/bin/../lib/gcc/arm-none-eabi/5.4.1/armv7e-m/fpu/crtbegin.o
                0x0800291c                PROVIDE (__init_array_end, .)
                0x0800291c                . = ALIGN (0x4)

.fini_array     0x0800291c        0x4
                0x0800291c                . = ALIGN (0x4)
                0x0800291c                PROVIDE (__fini_array_start, .)
 *(SORT(.fini_array.*))
 *(.fini_array*)
 .fini_array    0x0800291c        0x4 c:/ac6/systemworkbench/plugins/fr.ac6.mcu.externaltools.arm-none.win32_1.13.3.201707031232/tools/compiler/bin/../lib/gcc/arm-none-eabi/5.4.1/armv7e-m/fpu/crtbegin.o
                0x08002920                PROVIDE (__fini_array_end, .)
                0x08002920                . = ALIGN (0x4)
                0x08002920                _sidata = LOADADDR (.data)

.data           0x20000000      0x438 load address 0x08002920
                0x20000000                . = ALIGN (0x4)
                0x20000000                _sdata = .
 *(.data)
 .data          0x20000000        0x4 src/deca_device.o
 .data          0x20000004        0xc src/main.o
 *(.data*)
 .data.impure_data
                0x20000010      0x428 c:/ac6/systemworkbench/plugins/fr.ac6.mcu.externaltools.arm-none.win32_1.13.3.201707031232/tools/compiler/bin/../lib/gcc/arm-none-eabi/5.4.1/../../../../arm-none-eabi/lib/armv7e-m/fpu\libc.a(lib_a-impure.o)
                0x20000438                . = ALIGN (0x4)
                0x20000438                _edata = .

.jcr            0x20000438        0x0 load address 0x08002d58
 .jcr           0x20000438        0x0 c:/ac6/systemworkbench/plugins/fr.ac6.mcu.externaltools.arm-none.win32_1.13.3.201707031232/tools/compiler/bin/../lib/gcc/arm-none-eabi/5.4.1/armv7e-m/fpu/crtbegin.o

.igot.plt       0x20000438        0x0 load address 0x08002d58
 .igot.plt      0x20000438        0x0 c:/ac6/systemworkbench/plugins/fr.ac6.mcu.externaltools.arm-none.win32_1.13.3.201707031232/tools/compiler/bin/../lib/gcc/arm-none-eabi/5.4.1/armv7e-m/fpu/crtbegin.o
                0x20000438                . = ALIGN (0x4)

.bss            0x20000438       0xc8 load address 0x08002d58
                0x20000438                _sbss = .
                0x20000438                __bss_start__ = _sbss
 *(.bss)
 .bss           0x20000438       0x1c c:/ac6/systemworkbench/plugins/fr.ac6.mcu.externaltools.arm-none.win32_1.13.3.201707031232/tools/compiler/bin/../lib/gcc/arm-none-eabi/5.4.1/armv7e-m/fpu/crtbegin.o
 .bss           0x20000454       0x38 src/deca_device.o
 *fill*         0x2000048c        0x4 
 .bss           0x20000490       0x6e src/main.o
                0x200004c8                range
                0x200004f8                sent
                0x200004f9                received
                0x200004fa                error
 *(.bss*)
 *(COMMON)
                0x20000500                . = ALIGN (0x4)
 *fill*         0x200004fe        0x2 
                0x20000500                _ebss = .
                0x20000500                __bss_end__ = _ebss

._user_heap_stack
                0x20000500      0x400 load address 0x08002d58
                0x20000500                . = ALIGN (0x8)
                0x20000500                PROVIDE (end, .)
                [!provide]                PROVIDE (_end, .)
                0x20000500                . = (. + _Min_Heap_Size)
                0x20000900                . = (. + _Min_Stack_Size)
 *fill*         0x20000500      0x400 
                0x20000900                . = ALIGN (0x8)

/DISCARD/
 libc.a(*)
 libm.a(*)
 libgcc.a(*)

.ARM.attributes
                0x00000000       0x30
 *(.ARM.attributes)
 .ARM.attributes
                0x00000000       0x22 c:/ac6/systemworkbench/plugins/fr.ac6.mcu.externaltools.arm-none.win32_1.13.3.201707031232/tools/compiler/bin/../lib/gcc/arm-none-eabi/5.4.1/armv7e-m/fpu/crti.o
 .ARM.attributes
                0x00000022       0x34 c:/ac6/systemworkbench/plugins/fr.ac6.mcu.externaltools.arm-none.win32_1.13.3.201707031232/tools/compiler/bin/../lib/gcc/arm-none-eabi/5.4.1/armv7e-m/fpu/crtbegin.o
 .ARM.attributes
                0x00000056       0x39 StdPeriph_Driver/src/misc.o
 .ARM.attributes
                0x0000008f       0x39 StdPeriph_Driver/src/stm32f4xx_exti.o
 .ARM.attributes
                0x000000c8       0x39 StdPeriph_Driver/src/stm32f4xx_gpio.o
 .ARM.attributes
                0x00000101       0x39 StdPeriph_Driver/src/stm32f4xx_rcc.o
 .ARM.attributes
                0x0000013a       0x39 StdPeriph_Driver/src/stm32f4xx_spi.o
 .ARM.attributes
                0x00000173       0x39 StdPeriph_Driver/src/stm32f4xx_syscfg.o
 .ARM.attributes
                0x000001ac       0x39 src/deca_device.o
 .ARM.attributes
                0x000001e5       0x39 src/deca_led.o
 .ARM.attributes
                0x0000021e       0x39 src/deca_params_init.o
 .ARM.attributes
                0x00000257       0x39 src/deca_spi.o
 .ARM.attributes
                0x00000290       0x39 src/main.o
 .ARM.attributes
                0x000002c9       0x39 src/system_stm32f4xx.o
 .ARM.attributes
                0x00000302       0x25 startup/startup_stm32.o
 .ARM.attributes
                0x00000327       0x22 c:/ac6/systemworkbench/plugins/fr.ac6.mcu.externaltools.arm-none.win32_1.13.3.201707031232/tools/compiler/bin/../lib/gcc/arm-none-eabi/5.4.1/armv7e-m/fpu\libgcc.a(_arm_addsubdf3.o)
 .ARM.attributes
                0x00000349       0x22 c:/ac6/systemworkbench/plugins/fr.ac6.mcu.externaltools.arm-none.win32_1.13.3.201707031232/tools/compiler/bin/../lib/gcc/arm-none-eabi/5.4.1/armv7e-m/fpu\libgcc.a(_arm_muldivdf3.o)
 .ARM.attributes
                0x0000036b       0x22 c:/ac6/systemworkbench/plugins/fr.ac6.mcu.externaltools.arm-none.win32_1.13.3.201707031232/tools/compiler/bin/../lib/gcc/arm-none-eabi/5.4.1/armv7e-m/fpu\libgcc.a(_arm_fixdfsi.o)
 .ARM.attributes
                0x0000038d       0x22 c:/ac6/systemworkbench/plugins/fr.ac6.mcu.externaltools.arm-none.win32_1.13.3.201707031232/tools/compiler/bin/../lib/gcc/arm-none-eabi/5.4.1/armv7e-m/fpu\libgcc.a(_arm_fixunsdfsi.o)
 .ARM.attributes
                0x000003af       0x34 c:/ac6/systemworkbench/plugins/fr.ac6.mcu.externaltools.arm-none.win32_1.13.3.201707031232/tools/compiler/bin/../lib/gcc/arm-none-eabi/5.4.1/../../../../arm-none-eabi/lib/armv7e-m/fpu\libc.a(lib_a-impure.o)
 .ARM.attributes
                0x000003e3       0x34 c:/ac6/systemworkbench/plugins/fr.ac6.mcu.externaltools.arm-none.win32_1.13.3.201707031232/tools/compiler/bin/../lib/gcc/arm-none-eabi/5.4.1/../../../../arm-none-eabi/lib/armv7e-m/fpu\libc.a(lib_a-init.o)
 .ARM.attributes
                0x00000417       0x34 c:/ac6/systemworkbench/plugins/fr.ac6.mcu.externaltools.arm-none.win32_1.13.3.201707031232/tools/compiler/bin/../lib/gcc/arm-none-eabi/5.4.1/../../../../arm-none-eabi/lib/armv7e-m/fpu\libc.a(lib_a-__call_atexit.o)
 .ARM.attributes
                0x0000044b       0x34 c:/ac6/systemworkbench/plugins/fr.ac6.mcu.externaltools.arm-none.win32_1.13.3.201707031232/tools/compiler/bin/../lib/gcc/arm-none-eabi/5.4.1/../../../../arm-none-eabi/lib/armv7e-m/fpu\libc.a(lib_a-atexit.o)
 .ARM.attributes
                0x0000047f       0x34 c:/ac6/systemworkbench/plugins/fr.ac6.mcu.externaltools.arm-none.win32_1.13.3.201707031232/tools/compiler/bin/../lib/gcc/arm-none-eabi/5.4.1/../../../../arm-none-eabi/lib/armv7e-m/fpu\libc.a(lib_a-fini.o)
 .ARM.attributes
                0x000004b3       0x34 c:/ac6/systemworkbench/plugins/fr.ac6.mcu.externaltools.arm-none.win32_1.13.3.201707031232/tools/compiler/bin/../lib/gcc/arm-none-eabi/5.4.1/../../../../arm-none-eabi/lib/armv7e-m/fpu\libc.a(lib_a-__atexit.o)
 .ARM.attributes
                0x000004e7       0x22 c:/ac6/systemworkbench/plugins/fr.ac6.mcu.externaltools.arm-none.win32_1.13.3.201707031232/tools/compiler/bin/../lib/gcc/arm-none-eabi/5.4.1/armv7e-m/fpu/crtn.o
OUTPUT(NewBoard.elf elf32-littlearm)

.debug_info     0x00000000     0x621c
 .debug_info    0x00000000      0x55e StdPeriph_Driver/src/misc.o
 .debug_info    0x0000055e      0x350 StdPeriph_Driver/src/stm32f4xx_exti.o
 .debug_info    0x000008ae      0x625 StdPeriph_Driver/src/stm32f4xx_gpio.o
 .debug_info    0x00000ed3      0xd66 StdPeriph_Driver/src/stm32f4xx_rcc.o
 .debug_info    0x00001c39      0xb4b StdPeriph_Driver/src/stm32f4xx_spi.o
 .debug_info    0x00002784      0x2a0 StdPeriph_Driver/src/stm32f4xx_syscfg.o
 .debug_info    0x00002a24     0x1b43 src/deca_device.o
 .debug_info    0x00004567      0x3b5 src/deca_led.o
 .debug_info    0x0000491c      0x2a9 src/deca_params_init.o
 .debug_info    0x00004bc5      0x5ed src/deca_spi.o
 .debug_info    0x000051b2      0xa42 src/main.o
 .debug_info    0x00005bf4      0x5be src/system_stm32f4xx.o
 .debug_info    0x000061b2       0x6a startup/startup_stm32.o

.debug_abbrev   0x00000000     0x1261
 .debug_abbrev  0x00000000      0x14c StdPeriph_Driver/src/misc.o
 .debug_abbrev  0x0000014c      0x1ae StdPeriph_Driver/src/stm32f4xx_exti.o
 .debug_abbrev  0x000002fa      0x1ac StdPeriph_Driver/src/stm32f4xx_gpio.o
 .debug_abbrev  0x000004a6      0x1c1 StdPeriph_Driver/src/stm32f4xx_rcc.o
 .debug_abbrev  0x00000667      0x16e StdPeriph_Driver/src/stm32f4xx_spi.o
 .debug_abbrev  0x000007d5      0x138 StdPeriph_Driver/src/stm32f4xx_syscfg.o
 .debug_abbrev  0x0000090d      0x249 src/deca_device.o
 .debug_abbrev  0x00000b56      0x17d src/deca_led.o
 .debug_abbrev  0x00000cd3       0x7c src/deca_params_init.o
 .debug_abbrev  0x00000d4f      0x17c src/deca_spi.o
 .debug_abbrev  0x00000ecb      0x26a src/main.o
 .debug_abbrev  0x00001135      0x11a src/system_stm32f4xx.o
 .debug_abbrev  0x0000124f       0x12 startup/startup_stm32.o

.debug_aranges  0x00000000      0x898
 .debug_aranges
                0x00000000       0x40 StdPeriph_Driver/src/misc.o
 .debug_aranges
                0x00000040       0x58 StdPeriph_Driver/src/stm32f4xx_exti.o
 .debug_aranges
                0x00000098       0x88 StdPeriph_Driver/src/stm32f4xx_gpio.o
 .debug_aranges
                0x00000120      0x198 StdPeriph_Driver/src/stm32f4xx_rcc.o
 .debug_aranges
                0x000002b8       0xe0 StdPeriph_Driver/src/stm32f4xx_spi.o
 .debug_aranges
                0x00000398       0x50 StdPeriph_Driver/src/stm32f4xx_syscfg.o
 .debug_aranges
                0x000003e8      0x308 src/deca_device.o
 .debug_aranges
                0x000006f0       0x60 src/deca_led.o
 .debug_aranges
                0x00000750       0x18 src/deca_params_init.o
 .debug_aranges
                0x00000768       0x48 src/deca_spi.o
 .debug_aranges
                0x000007b0       0x90 src/main.o
 .debug_aranges
                0x00000840       0x30 src/system_stm32f4xx.o
 .debug_aranges
                0x00000870       0x28 startup/startup_stm32.o

.debug_ranges   0x00000000      0x7c8
 .debug_ranges  0x00000000       0x30 StdPeriph_Driver/src/misc.o
 .debug_ranges  0x00000030       0x48 StdPeriph_Driver/src/stm32f4xx_exti.o
 .debug_ranges  0x00000078       0x78 StdPeriph_Driver/src/stm32f4xx_gpio.o
 .debug_ranges  0x000000f0      0x188 StdPeriph_Driver/src/stm32f4xx_rcc.o
 .debug_ranges  0x00000278       0xd0 StdPeriph_Driver/src/stm32f4xx_spi.o
 .debug_ranges  0x00000348       0x40 StdPeriph_Driver/src/stm32f4xx_syscfg.o
 .debug_ranges  0x00000388      0x2f8 src/deca_device.o
 .debug_ranges  0x00000680       0x50 src/deca_led.o
 .debug_ranges  0x000006d0       0x38 src/deca_spi.o
 .debug_ranges  0x00000708       0x80 src/main.o
 .debug_ranges  0x00000788       0x20 src/system_stm32f4xx.o
 .debug_ranges  0x000007a8       0x20 startup/startup_stm32.o

.debug_macro    0x00000000    0x11b05
 .debug_macro   0x00000000      0x191 StdPeriph_Driver/src/misc.o
 .debug_macro   0x00000191      0x8aa StdPeriph_Driver/src/misc.o
 .debug_macro   0x00000a3b       0x65 StdPeriph_Driver/src/misc.o
 .debug_macro   0x00000aa0       0x3b StdPeriph_Driver/src/misc.o
 .debug_macro   0x00000adb       0x22 StdPeriph_Driver/src/misc.o
 .debug_macro   0x00000afd       0x87 StdPeriph_Driver/src/misc.o
 .debug_macro   0x00000b84       0x44 StdPeriph_Driver/src/misc.o
 .debug_macro   0x00000bc8       0xfd StdPeriph_Driver/src/misc.o
 .debug_macro   0x00000cc5       0x5e StdPeriph_Driver/src/misc.o
 .debug_macro   0x00000d23      0x1df StdPeriph_Driver/src/misc.o
 .debug_macro   0x00000f02       0x34 StdPeriph_Driver/src/misc.o
 .debug_macro   0x00000f36       0x26 StdPeriph_Driver/src/misc.o
 .debug_macro   0x00000f5c      0xe43 StdPeriph_Driver/src/misc.o
 .debug_macro   0x00001d9f     0x7fd9 StdPeriph_Driver/src/misc.o
 .debug_macro   0x00009d78      0x44f StdPeriph_Driver/src/misc.o
 .debug_macro   0x0000a1c7       0xb2 StdPeriph_Driver/src/misc.o
 .debug_macro   0x0000a279      0x477 StdPeriph_Driver/src/misc.o
 .debug_macro   0x0000a6f0       0xb5 StdPeriph_Driver/src/misc.o
 .debug_macro   0x0000a7a5      0x41c StdPeriph_Driver/src/misc.o
 .debug_macro   0x0000abc1      0x2f4 StdPeriph_Driver/src/misc.o
 .debug_macro   0x0000aeb5      0x2ba StdPeriph_Driver/src/misc.o
 .debug_macro   0x0000b16f       0x64 StdPeriph_Driver/src/misc.o
 .debug_macro   0x0000b1d3       0xee StdPeriph_Driver/src/misc.o
 .debug_macro   0x0000b2c1      0x64a StdPeriph_Driver/src/misc.o
 .debug_macro   0x0000b90b      0x59e StdPeriph_Driver/src/misc.o
 .debug_macro   0x0000bea9      0x342 StdPeriph_Driver/src/misc.o
 .debug_macro   0x0000c1eb      0x36c StdPeriph_Driver/src/misc.o
 .debug_macro   0x0000c557      0x10d StdPeriph_Driver/src/misc.o
 .debug_macro   0x0000c664      0x73b StdPeriph_Driver/src/misc.o
 .debug_macro   0x0000cd9f      0x223 StdPeriph_Driver/src/misc.o
 .debug_macro   0x0000cfc2       0x34 StdPeriph_Driver/src/misc.o
 .debug_macro   0x0000cff6       0x10 StdPeriph_Driver/src/misc.o
 .debug_macro   0x0000d006       0x35 StdPeriph_Driver/src/misc.o
 .debug_macro   0x0000d03b       0x7c StdPeriph_Driver/src/misc.o
 .debug_macro   0x0000d0b7      0x191 StdPeriph_Driver/src/stm32f4xx_exti.o
 .debug_macro   0x0000d248       0xaf StdPeriph_Driver/src/stm32f4xx_exti.o
 .debug_macro   0x0000d2f7      0x18f StdPeriph_Driver/src/stm32f4xx_gpio.o
 .debug_macro   0x0000d486      0x2ee StdPeriph_Driver/src/stm32f4xx_gpio.o
 .debug_macro   0x0000d774      0x25e StdPeriph_Driver/src/stm32f4xx_rcc.o
 .debug_macro   0x0000d9d2      0x1bb StdPeriph_Driver/src/stm32f4xx_spi.o
 .debug_macro   0x0000db8d      0x366 StdPeriph_Driver/src/stm32f4xx_spi.o
 .debug_macro   0x0000def3      0x1dd StdPeriph_Driver/src/stm32f4xx_syscfg.o
 .debug_macro   0x0000e0d0      0x107 StdPeriph_Driver/src/stm32f4xx_syscfg.o
 .debug_macro   0x0000e1d7      0x1ad src/deca_device.o
 .debug_macro   0x0000e384       0x4c src/deca_device.o
 .debug_macro   0x0000e3d0       0x8d src/deca_device.o
 .debug_macro   0x0000e45d       0x35 src/deca_device.o
 .debug_macro   0x0000e492       0x9c src/deca_device.o
 .debug_macro   0x0000e52e       0x1c src/deca_device.o
 .debug_macro   0x0000e54a       0x16 src/deca_device.o
 .debug_macro   0x0000e560      0x10e src/deca_device.o
 .debug_macro   0x0000e66e       0x8d src/deca_device.o
 .debug_macro   0x0000e6fb       0x4a src/deca_device.o
 .debug_macro   0x0000e745       0x52 src/deca_device.o
 .debug_macro   0x0000e797       0x1f src/deca_device.o
 .debug_macro   0x0000e7b6       0x43 src/deca_device.o
 .debug_macro   0x0000e7f9       0x20 src/deca_device.o
 .debug_macro   0x0000e819      0x187 src/deca_device.o
 .debug_macro   0x0000e9a0      0x30d src/deca_device.o
 .debug_macro   0x0000ecad       0x16 src/deca_device.o
 .debug_macro   0x0000ecc3       0x29 src/deca_device.o
 .debug_macro   0x0000ecec       0x2e src/deca_device.o
 .debug_macro   0x0000ed1a       0x6a src/deca_device.o
 .debug_macro   0x0000ed84       0x16 src/deca_device.o
 .debug_macro   0x0000ed9a     0x181d src/deca_device.o
 .debug_macro   0x000105b7      0x207 src/deca_device.o
 .debug_macro   0x000107be      0x18a src/deca_led.o
 .debug_macro   0x00010948       0x22 src/deca_led.o
 .debug_macro   0x0001096a      0x1ec src/deca_params_init.o
 .debug_macro   0x00010b56       0x16 src/deca_params_init.o
 .debug_macro   0x00010b6c       0x97 src/deca_params_init.o
 .debug_macro   0x00010c03       0xfd src/deca_params_init.o
 .debug_macro   0x00010d00       0x10 src/deca_params_init.o
 .debug_macro   0x00010d10       0x10 src/deca_params_init.o
 .debug_macro   0x00010d20       0x1c src/deca_params_init.o
 .debug_macro   0x00010d3c       0x52 src/deca_params_init.o
 .debug_macro   0x00010d8e       0x40 src/deca_params_init.o
 .debug_macro   0x00010dce       0x10 src/deca_params_init.o
 .debug_macro   0x00010dde       0x40 src/deca_params_init.o
 .debug_macro   0x00010e1e       0xd7 src/deca_params_init.o
 .debug_macro   0x00010ef5       0x16 src/deca_params_init.o
 .debug_macro   0x00010f0b      0x18b src/deca_params_init.o
 .debug_macro   0x00011096       0x35 src/deca_params_init.o
 .debug_macro   0x000110cb      0x22b src/deca_params_init.o
 .debug_macro   0x000112f6       0x64 src/deca_params_init.o
 .debug_macro   0x0001135a      0x1bd src/deca_spi.o
 .debug_macro   0x00011517       0x16 src/deca_spi.o
 .debug_macro   0x0001152d       0x34 src/deca_spi.o
 .debug_macro   0x00011561      0x375 src/main.o
 .debug_macro   0x000118d6       0x22 src/main.o
 .debug_macro   0x000118f8       0x52 src/main.o
 .debug_macro   0x0001194a       0x16 src/main.o
 .debug_macro   0x00011960      0x1a5 src/system_stm32f4xx.o

.debug_line     0x00000000     0x589f
 .debug_line    0x00000000      0x5d6 StdPeriph_Driver/src/misc.o
 .debug_line    0x000005d6      0x626 StdPeriph_Driver/src/stm32f4xx_exti.o
 .debug_line    0x00000bfc      0x6fe StdPeriph_Driver/src/stm32f4xx_gpio.o
 .debug_line    0x000012fa      0x988 StdPeriph_Driver/src/stm32f4xx_rcc.o
 .debug_line    0x00001c82      0x803 StdPeriph_Driver/src/stm32f4xx_spi.o
 .debug_line    0x00002485      0x5f9 StdPeriph_Driver/src/stm32f4xx_syscfg.o
 .debug_line    0x00002a7e      0xdba src/deca_device.o
 .debug_line    0x00003838      0x62d src/deca_led.o
 .debug_line    0x00003e65      0x420 src/deca_params_init.o
 .debug_line    0x00004285      0x6ad src/deca_spi.o
 .debug_line    0x00004932      0x926 src/main.o
 .debug_line    0x00005258      0x5ce src/system_stm32f4xx.o
 .debug_line    0x00005826       0x79 startup/startup_stm32.o

.debug_str      0x00000000    0x5f456
 .debug_str     0x00000000    0x52822 StdPeriph_Driver/src/misc.o
                              0x529d0 (size before relaxing)
 .debug_str     0x00052822      0x1d8 StdPeriph_Driver/src/stm32f4xx_exti.o
                              0x52946 (size before relaxing)
 .debug_str     0x000529fa      0x2b6 StdPeriph_Driver/src/stm32f4xx_gpio.o
                              0x52a78 (size before relaxing)
 .debug_str     0x00052cb0      0xcbe StdPeriph_Driver/src/stm32f4xx_rcc.o
                              0x534d7 (size before relaxing)
 .debug_str     0x0005396e      0x3c6 StdPeriph_Driver/src/stm32f4xx_spi.o
                              0x52d61 (size before relaxing)
 .debug_str     0x00053d34      0x40c StdPeriph_Driver/src/stm32f4xx_syscfg.o
                              0x52b96 (size before relaxing)
 .debug_str     0x00054140     0x987d src/deca_device.o
                               0xc2b7 (size before relaxing)
 .debug_str     0x0005d9bd       0xdb src/deca_led.o
                              0x529cd (size before relaxing)
 .debug_str     0x0005da98     0x118c src/deca_params_init.o
                               0xc64f (size before relaxing)
 .debug_str     0x0005ec24      0x102 src/deca_spi.o
                              0x58a89 (size before relaxing)
 .debug_str     0x0005ed26      0x672 src/main.o
                              0x5cb2d (size before relaxing)
 .debug_str     0x0005f398       0xbe src/system_stm32f4xx.o
                              0x529a8 (size before relaxing)

.comment        0x00000000       0x6e
 .comment       0x00000000       0x6e StdPeriph_Driver/src/misc.o
                                 0x6f (size before relaxing)
 .comment       0x0000006e       0x6f StdPeriph_Driver/src/stm32f4xx_exti.o
 .comment       0x0000006e       0x6f StdPeriph_Driver/src/stm32f4xx_gpio.o
 .comment       0x0000006e       0x6f StdPeriph_Driver/src/stm32f4xx_rcc.o
 .comment       0x0000006e       0x6f StdPeriph_Driver/src/stm32f4xx_spi.o
 .comment       0x0000006e       0x6f StdPeriph_Driver/src/stm32f4xx_syscfg.o
 .comment       0x0000006e       0x6f src/deca_device.o
 .comment       0x0000006e       0x6f src/deca_led.o
 .comment       0x0000006e       0x6f src/deca_params_init.o
 .comment       0x0000006e       0x6f src/deca_spi.o
 .comment       0x0000006e       0x6f src/main.o
 .comment       0x0000006e       0x6f src/system_stm32f4xx.o

.debug_frame    0x00000000     0x2360
 .debug_frame   0x00000000       0xd8 StdPeriph_Driver/src/misc.o
 .debug_frame   0x000000d8      0x148 StdPeriph_Driver/src/stm32f4xx_exti.o
 .debug_frame   0x00000220      0x23c StdPeriph_Driver/src/stm32f4xx_gpio.o
 .debug_frame   0x0000045c      0x774 StdPeriph_Driver/src/stm32f4xx_rcc.o
 .debug_frame   0x00000bd0      0x3f4 StdPeriph_Driver/src/stm32f4xx_spi.o
 .debug_frame   0x00000fc4      0x11c StdPeriph_Driver/src/stm32f4xx_syscfg.o
 .debug_frame   0x000010e0      0xce4 src/deca_device.o
 .debug_frame   0x00001dc4      0x138 src/deca_led.o
 .debug_frame   0x00001efc       0xdc src/deca_spi.o
 .debug_frame   0x00001fd8      0x210 src/main.o
 .debug_frame   0x000021e8       0x74 src/system_stm32f4xx.o
 .debug_frame   0x0000225c       0x2c c:/ac6/systemworkbench/plugins/fr.ac6.mcu.externaltools.arm-none.win32_1.13.3.201707031232/tools/compiler/bin/../lib/gcc/arm-none-eabi/5.4.1/../../../../arm-none-eabi/lib/armv7e-m/fpu\libc.a(lib_a-init.o)
 .debug_frame   0x00002288       0x50 c:/ac6/systemworkbench/plugins/fr.ac6.mcu.externaltools.arm-none.win32_1.13.3.201707031232/tools/compiler/bin/../lib/gcc/arm-none-eabi/5.4.1/../../../../arm-none-eabi/lib/armv7e-m/fpu\libc.a(lib_a-__call_atexit.o)
 .debug_frame   0x000022d8       0x20 c:/ac6/systemworkbench/plugins/fr.ac6.mcu.externaltools.arm-none.win32_1.13.3.201707031232/tools/compiler/bin/../lib/gcc/arm-none-eabi/5.4.1/../../../../arm-none-eabi/lib/armv7e-m/fpu\libc.a(lib_a-atexit.o)
 .debug_frame   0x000022f8       0x34 c:/ac6/systemworkbench/plugins/fr.ac6.mcu.externaltools.arm-none.win32_1.13.3.201707031232/tools/compiler/bin/../lib/gcc/arm-none-eabi/5.4.1/../../../../arm-none-eabi/lib/armv7e-m/fpu\libc.a(lib_a-fini.o)
 .debug_frame   0x0000232c       0x34 c:/ac6/systemworkbench/plugins/fr.ac6.mcu.externaltools.arm-none.win32_1.13.3.201707031232/tools/compiler/bin/../lib/gcc/arm-none-eabi/5.4.1/../../../../arm-none-eabi/lib/armv7e-m/fpu\libc.a(lib_a-__atexit.o)
